2026-08-27 14:04:35,783 [INFO] STARTE ANALYSE & BEREINIGUNG FÜR: 2026-08-26_geoportalnipp_rkd.parquet
2026-08-27 14:04:35,858 [INFO] Schritt 1: Allgemeiner Text-Clean (Strip, Linebreaks, Platzhalter)...
2026-08-27 14:04:35,874 [INFO] Spalte 'adresa': 1
2026-08-27 14:04:35,884 [INFO] Spalte 'registarki_broj_n': 7461
2026-08-27 14:04:35,890 [INFO] Spalte 'datacija': 509
2026-08-27 14:04:35,893 [INFO] Spalte 'autor': 6214
2026-08-27 14:04:35,912 [INFO] Spalte 'opis': 1
2026-08-27 14:04:35,915 [INFO] Allgemeiner Text-Clean beendet. 14186 Änderungen.
2026-08-27 14:04:35,996 [INFO] Schritt 1: Allgemeiner Text-Clean (Strip, Linebreaks, Platzhalter)...
2026-08-27 14:04:36,011 [INFO] Spalte 'adresa': 1
2026-08-27 14:04:36,021 [INFO] Spalte 'registarki_broj_n': 7461
2026-08-27 14:04:36,027 [INFO] Spalte 'datacija': 509
2026-08-27 14:04:36,029 [INFO] Spalte 'autor': 6214
2026-08-27 14:04:36,039 [INFO] Spalte 'opis': 1
2026-08-27 14:04:36,041 [INFO] Allgemeiner Text-Clean beendet. 14186 Änderungen.
2026-08-27 14:04:36,044 [INFO] Überprüfe Spalte 'klasifikacija' gegen das offizielle Webregister...
2026-08-27 14:04:36,046 [WARNING] Abweichungen in 'klasifikacija' gefunden:
klasifikacija
kopneno-podvodno arheološko nalazište    1
2026-08-27 14:04:36,128 [INFO] METADATEN DER URSPRUNGSDATEI
2026-08-27 14:04:36,129 [INFO] Format: GeoParquet (.parquet)
2026-08-27 14:04:36,129 [INFO] Dimensionen: 7517 Zeilen, 15 Spalten
2026-08-27 14:04:36,130 [INFO] Koordinatensystem (CRS): {"$schema": "https://proj.org/schemas/v0.7/projjson.schema.json", "type": "ProjectedCRS", "name": "HTRS96 / Croatia TM", "base_crs": {"name": "HTRS96", "datum": {"type": "GeodeticReferenceFrame", "name": "Croatian Terrestrial Reference System", "ellipsoid": {"name": "GRS 1980", "semi_major_axis": 6378137, "inverse_flattening": 298.257222101}}, "coordinate_system": {"subtype": "ellipsoidal", "axis": [{"name": "Geodetic latitude", "abbreviation": "Lat", "direction": "north", "unit": "degree"}, {"name": "Geodetic longitude", "abbreviation": "Lon", "direction": "east", "unit": "degree"}]}, "id": {"authority": "EPSG", "code": 4761}}, "conversion": {"name": "Croatia Transverse Mercator", "method": {"name": "Transverse Mercator", "id": {"authority": "EPSG", "code": 9807}}, "parameters": [{"name": "Latitude of natural origin", "value": 0, "unit": "degree", "id": {"authority": "EPSG", "code": 8801}}, {"name": "Longitude of natural origin", "value": 16.5, "unit": "degree", "id": {"authority": "EPSG", "code": 8802}}, {"name": "Scale factor at natural origin", "value": 0.9999, "unit": "unity", "id": {"authority": "EPSG", "code": 8805}}, {"name": "False easting", "value": 500000, "unit": "metre", "id": {"authority": "EPSG", "code": 8806}}, {"name": "False northing", "value": 0, "unit": "metre", "id": {"authority": "EPSG", "code": 8807}}]}, "coordinate_system": {"subtype": "Cartesian", "axis": [{"name": "Easting", "abbreviation": "E", "direction": "east", "unit": "metre"}, {"name": "Northing", "abbreviation": "N", "direction": "north", "unit": "metre"}]}, "scope": "Cadastre, engineering survey, topographic mapping (large scale).", "area": "Croatia - onshore.", "bbox": {"south_latitude": 42.34, "west_longitude": 13.43, "north_latitude": 46.54, "east_longitude": 19.43}, "id": {"authority": "EPSG", "code": 3765}}

2026-08-27 14:04:36,131 [INFO] STARTEN DER BEREINIGUNGSPIPELINE
2026-08-27 14:04:36,131 [INFO] Schritt 1: Allgemeiner Text-Clean (Strip, Linebreaks, Platzhalter)...
2026-08-27 14:04:36,146 [INFO] Spalte 'adresa': 1
2026-08-27 14:04:36,155 [INFO] Spalte 'registarki_broj_n': 7461
2026-08-27 14:04:36,161 [INFO] Spalte 'datacija': 509
2026-08-27 14:04:36,164 [INFO] Spalte 'autor': 6214
2026-08-27 14:04:36,184 [INFO] Spalte 'opis': 1
2026-08-27 14:04:36,187 [INFO] Allgemeiner Text-Clean beendet. 14186 Änderungen.
2026-08-27 14:04:36,187 [INFO] Schritt 2: Bereinige Spalte 'grad'...
2026-08-27 14:04:36,196 [INFO] Spalte 'grad': 7464 Werte erfolgreich standardisiert.
2026-08-27 14:04:36,197 [INFO] Schritt 3: Entferne Spalte 'adresa' vollständig...
2026-08-27 14:04:36,198 [INFO] Spalte 'adresa' wurde erfolgreich gelöscht.
2026-08-27 14:04:36,199 [INFO] Schritt: Passe Spalte 'vrsta' an das offizielle Webregister an...
2026-08-27 14:04:36,202 [INFO] Spalte 'vrsta': 7517 Datensätze auf Register-Namen aktualisiert.
2026-08-27 14:04:36,204 [INFO] Schritt: Wert in 'klasifikacija' angepasst. 'kopneno-podvodno arheološko nalazište' -> 'kopneno/podvodno arheološka zona/nalazište' (1 Feld(er) korrigiert).
2026-08-27 14:04:36,212 [INFO] BEREINIGUNG UND ANALYSE ABGESCHLOSSEN
2026-08-27 14:04:36,212 [INFO] Neue Dimensionen: 7517 Zeilen, 14 Spalten
2026-08-27 14:04:36,212 [INFO] Speichere bereinigte Daten unter: cleaned_2026-08-26_geoportalnipp_rkd.parquet
2026-08-27 14:04:36,298 [INFO] Speichern erfolgreich. Daten und Logfile in: C:\Users\sonja\Projekte\croatia-cultural-goods-analysis\data\interim

2026-08-27 14:04:56,566 [INFO] STARTE ANALYSE & BEREINIGUNG FÜR: 2026-08-26_geoportalnipp_rkd.parquet
2026-08-27 14:04:56,605 [INFO] Schritt 1: Allgemeiner Text-Clean (Strip, Linebreaks, Platzhalter)...
2026-08-27 14:04:56,621 [INFO] Spalte 'adresa': 1
2026-08-27 14:04:56,631 [INFO] Spalte 'registarki_broj_n': 7461
2026-08-27 14:04:56,638 [INFO] Spalte 'datacija': 509
2026-08-27 14:04:56,641 [INFO] Spalte 'autor': 6214
2026-08-27 14:04:56,660 [INFO] Spalte 'opis': 1
2026-08-27 14:04:56,663 [INFO] Allgemeiner Text-Clean beendet. 14186 Änderungen.
2026-08-27 14:04:56,728 [INFO] Schritt 1: Allgemeiner Text-Clean (Strip, Linebreaks, Platzhalter)...
2026-08-27 14:04:56,744 [INFO] Spalte 'adresa': 1
2026-08-27 14:04:56,753 [INFO] Spalte 'registarki_broj_n': 7461
2026-08-27 14:04:56,759 [INFO] Spalte 'datacija': 509
2026-08-27 14:04:56,761 [INFO] Spalte 'autor': 6214
2026-08-27 14:04:56,772 [INFO] Spalte 'opis': 1
2026-08-27 14:04:56,774 [INFO] Allgemeiner Text-Clean beendet. 14186 Änderungen.
2026-08-27 14:04:56,776 [INFO] Überprüfe Spalte 'klasifikacija' gegen das offizielle Webregister...
2026-08-27 14:04:56,779 [WARNING] Abweichungen in 'klasifikacija' gefunden:
klasifikacija
kopneno-podvodno arheološko nalazište    1
2026-08-27 14:04:56,858 [INFO] METADATEN DER URSPRUNGSDATEI
2026-08-27 14:04:56,859 [INFO] Format: GeoParquet (.parquet)
2026-08-27 14:04:56,860 [INFO] Dimensionen: 7517 Zeilen, 15 Spalten
2026-08-27 14:04:56,860 [INFO] Koordinatensystem (CRS): {"$schema": "https://proj.org/schemas/v0.7/projjson.schema.json", "type": "ProjectedCRS", "name": "HTRS96 / Croatia TM", "base_crs": {"name": "HTRS96", "datum": {"type": "GeodeticReferenceFrame", "name": "Croatian Terrestrial Reference System", "ellipsoid": {"name": "GRS 1980", "semi_major_axis": 6378137, "inverse_flattening": 298.257222101}}, "coordinate_system": {"subtype": "ellipsoidal", "axis": [{"name": "Geodetic latitude", "abbreviation": "Lat", "direction": "north", "unit": "degree"}, {"name": "Geodetic longitude", "abbreviation": "Lon", "direction": "east", "unit": "degree"}]}, "id": {"authority": "EPSG", "code": 4761}}, "conversion": {"name": "Croatia Transverse Mercator", "method": {"name": "Transverse Mercator", "id": {"authority": "EPSG", "code": 9807}}, "parameters": [{"name": "Latitude of natural origin", "value": 0, "unit": "degree", "id": {"authority": "EPSG", "code": 8801}}, {"name": "Longitude of natural origin", "value": 16.5, "unit": "degree", "id": {"authority": "EPSG", "code": 8802}}, {"name": "Scale factor at natural origin", "value": 0.9999, "unit": "unity", "id": {"authority": "EPSG", "code": 8805}}, {"name": "False easting", "value": 500000, "unit": "metre", "id": {"authority": "EPSG", "code": 8806}}, {"name": "False northing", "value": 0, "unit": "metre", "id": {"authority": "EPSG", "code": 8807}}]}, "coordinate_system": {"subtype": "Cartesian", "axis": [{"name": "Easting", "abbreviation": "E", "direction": "east", "unit": "metre"}, {"name": "Northing", "abbreviation": "N", "direction": "north", "unit": "metre"}]}, "scope": "Cadastre, engineering survey, topographic mapping (large scale).", "area": "Croatia - onshore.", "bbox": {"south_latitude": 42.34, "west_longitude": 13.43, "north_latitude": 46.54, "east_longitude": 19.43}, "id": {"authority": "EPSG", "code": 3765}}

2026-08-27 14:04:56,861 [INFO] STARTEN DER BEREINIGUNGSPIPELINE
2026-08-27 14:04:56,862 [INFO] Schritt 1: Allgemeiner Text-Clean (Strip, Linebreaks, Platzhalter)...
2026-08-27 14:04:56,875 [INFO] Spalte 'adresa': 1
2026-08-27 14:04:56,885 [INFO] Spalte 'registarki_broj_n': 7461
2026-08-27 14:04:56,891 [INFO] Spalte 'datacija': 509
2026-08-27 14:04:56,895 [INFO] Spalte 'autor': 6214
2026-08-27 14:04:56,913 [INFO] Spalte 'opis': 1
2026-08-27 14:04:56,915 [INFO] Allgemeiner Text-Clean beendet. 14186 Änderungen.
2026-08-27 14:04:56,916 [INFO] Schritt 2: Bereinige Spalte 'grad'...
2026-08-27 14:04:56,924 [INFO] Spalte 'grad': 7464 Werte erfolgreich standardisiert.
2026-08-27 14:04:56,925 [INFO] Schritt 3: Entferne Spalte 'adresa' vollständig...
2026-08-27 14:04:56,926 [INFO] Spalte 'adresa' wurde erfolgreich gelöscht.
2026-08-27 14:04:56,927 [INFO] Schritt: Passe Spalte 'vrsta' an das offizielle Webregister an...
2026-08-27 14:04:56,930 [INFO] Spalte 'vrsta': 7517 Datensätze auf Register-Namen aktualisiert.
2026-08-27 14:04:56,931 [INFO] Schritt: Wert in 'klasifikacija' angepasst. 'kopneno-podvodno arheološko nalazište' -> 'kopneno/podvodno arheološka zona/nalazište' (1 Feld(er) korrigiert).
2026-08-27 14:04:56,939 [INFO] BEREINIGUNG UND ANALYSE ABGESCHLOSSEN
2026-08-27 14:04:56,940 [INFO] Neue Dimensionen: 7517 Zeilen, 14 Spalten
2026-08-27 14:04:56,940 [INFO] Speichere bereinigte Daten unter: cleaned_2026-08-26_geoportalnipp_rkd.parquet
2026-08-27 14:04:57,025 [INFO] Speichern erfolgreich. Daten und Logfile in: C:\Users\sonja\Projekte\croatia-cultural-goods-analysis\data\interim

2026-08-27 15:15:26,986 [INFO] STARTE ANALYSE & BEREINIGUNG FÜR: 2026-08-26_geoportalnipp_rkd.parquet
2026-08-27 15:15:27,062 [INFO] Schritt 1: Allgemeiner Text-Clean (Strip, Linebreaks, Platzhalter)...
2026-08-27 15:15:27,078 [INFO] Spalte 'adresa': 1
2026-08-27 15:15:27,088 [INFO] Spalte 'registarki_broj_n': 7461
2026-08-27 15:15:27,094 [INFO] Spalte 'datacija': 509
2026-08-27 15:15:27,097 [INFO] Spalte 'autor': 6214
2026-08-27 15:15:27,117 [INFO] Spalte 'opis': 1
2026-08-27 15:15:27,120 [INFO] Allgemeiner Text-Clean beendet. 14186 Änderungen.
2026-08-27 15:15:27,192 [INFO] Schritt 1: Allgemeiner Text-Clean (Strip, Linebreaks, Platzhalter)...
2026-08-27 15:15:27,207 [INFO] Spalte 'adresa': 1
2026-08-27 15:15:27,216 [INFO] Spalte 'registarki_broj_n': 7461
2026-08-27 15:15:27,223 [INFO] Spalte 'datacija': 509
2026-08-27 15:15:27,225 [INFO] Spalte 'autor': 6214
2026-08-27 15:15:27,235 [INFO] Spalte 'opis': 1
2026-08-27 15:15:27,237 [INFO] Allgemeiner Text-Clean beendet. 14186 Änderungen.
2026-08-27 15:15:27,240 [INFO] Überprüfe Spalte 'klasifikacija' gegen das offizielle Webregister...
2026-08-27 15:15:27,242 [WARNING] Abweichungen in 'klasifikacija' gefunden:
klasifikacija
kopneno-podvodno arheološko nalazište    1
2026-08-27 15:15:27,326 [INFO] METADATEN DER URSPRUNGSDATEI
2026-08-27 15:15:27,327 [INFO] Format: GeoParquet (.parquet)
2026-08-27 15:15:27,327 [INFO] Dimensionen: 7517 Zeilen, 15 Spalten
2026-08-27 15:15:27,328 [INFO] Koordinatensystem (CRS): {"$schema": "https://proj.org/schemas/v0.7/projjson.schema.json", "type": "ProjectedCRS", "name": "HTRS96 / Croatia TM", "base_crs": {"name": "HTRS96", "datum": {"type": "GeodeticReferenceFrame", "name": "Croatian Terrestrial Reference System", "ellipsoid": {"name": "GRS 1980", "semi_major_axis": 6378137, "inverse_flattening": 298.257222101}}, "coordinate_system": {"subtype": "ellipsoidal", "axis": [{"name": "Geodetic latitude", "abbreviation": "Lat", "direction": "north", "unit": "degree"}, {"name": "Geodetic longitude", "abbreviation": "Lon", "direction": "east", "unit": "degree"}]}, "id": {"authority": "EPSG", "code": 4761}}, "conversion": {"name": "Croatia Transverse Mercator", "method": {"name": "Transverse Mercator", "id": {"authority": "EPSG", "code": 9807}}, "parameters": [{"name": "Latitude of natural origin", "value": 0, "unit": "degree", "id": {"authority": "EPSG", "code": 8801}}, {"name": "Longitude of natural origin", "value": 16.5, "unit": "degree", "id": {"authority": "EPSG", "code": 8802}}, {"name": "Scale factor at natural origin", "value": 0.9999, "unit": "unity", "id": {"authority": "EPSG", "code": 8805}}, {"name": "False easting", "value": 500000, "unit": "metre", "id": {"authority": "EPSG", "code": 8806}}, {"name": "False northing", "value": 0, "unit": "metre", "id": {"authority": "EPSG", "code": 8807}}]}, "coordinate_system": {"subtype": "Cartesian", "axis": [{"name": "Easting", "abbreviation": "E", "direction": "east", "unit": "metre"}, {"name": "Northing", "abbreviation": "N", "direction": "north", "unit": "metre"}]}, "scope": "Cadastre, engineering survey, topographic mapping (large scale).", "area": "Croatia - onshore.", "bbox": {"south_latitude": 42.34, "west_longitude": 13.43, "north_latitude": 46.54, "east_longitude": 19.43}, "id": {"authority": "EPSG", "code": 3765}}

2026-08-27 15:15:27,328 [INFO] STARTEN DER BEREINIGUNGSPIPELINE
2026-08-27 15:15:27,329 [INFO] Schritt 1: Allgemeiner Text-Clean (Strip, Linebreaks, Platzhalter)...
2026-08-27 15:15:27,343 [INFO] Spalte 'adresa': 1
2026-08-27 15:15:27,353 [INFO] Spalte 'registarki_broj_n': 7461
2026-08-27 15:15:27,359 [INFO] Spalte 'datacija': 509
2026-08-27 15:15:27,362 [INFO] Spalte 'autor': 6214
2026-08-27 15:15:27,382 [INFO] Spalte 'opis': 1
2026-08-27 15:15:27,385 [INFO] Allgemeiner Text-Clean beendet. 14186 Änderungen.
2026-08-27 15:15:27,385 [INFO] Schritt 2: Bereinige Spalte 'grad'...
2026-08-27 15:15:27,394 [INFO] Spalte 'grad': 7464 Werte erfolgreich standardisiert.
2026-08-27 15:15:27,395 [INFO] Schritt 3: Entferne Spalte 'adresa' vollständig...
2026-08-27 15:15:27,397 [INFO] Spalte 'adresa' wurde erfolgreich gelöscht.
2026-08-27 15:15:27,398 [INFO] Schritt: Passe Spalte 'vrsta' an das offizielle Webregister an...
2026-08-27 15:15:27,400 [INFO] Spalte 'vrsta': 7517 Datensätze auf Register-Namen aktualisiert.
2026-08-27 15:15:27,402 [INFO] Schritt: Wert in 'klasifikacija' angepasst. 'kopneno-podvodno arheološko nalazište' -> 'kopneno/podvodno arheološka zona/nalazište' (1 Feld(er) korrigiert).
2026-08-27 15:15:27,411 [INFO] BEREINIGUNG UND ANALYSE ABGESCHLOSSEN
2026-08-27 15:15:27,411 [INFO] Neue Dimensionen: 7517 Zeilen, 14 Spalten
2026-08-27 15:15:27,412 [INFO] Speichere bereinigte Daten unter: cleaned_2026-08-26_geoportalnipp_rkd.parquet
2026-08-27 15:15:27,498 [INFO] Speichern erfolgreich. Daten und Logfile in: C:\Users\sonja\Projekte\croatia-cultural-goods-analysis\data\interim

2026-08-27 15:15:55,489 [INFO] STARTE ANALYSE & BEREINIGUNG FÜR: 2026-08-26_geoportalnipp_rkd.parquet
2026-08-27 15:15:55,528 [INFO] Schritt 1: Allgemeiner Text-Clean (Strip, Linebreaks, Platzhalter)...
2026-08-27 15:15:55,544 [INFO] Spalte 'adresa': 1
2026-08-27 15:15:55,554 [INFO] Spalte 'registarki_broj_n': 7461
2026-08-27 15:15:55,560 [INFO] Spalte 'datacija': 509
2026-08-27 15:15:55,563 [INFO] Spalte 'autor': 6214
2026-08-27 15:15:55,583 [INFO] Spalte 'opis': 1
2026-08-27 15:15:55,585 [INFO] Allgemeiner Text-Clean beendet. 14186 Änderungen.
2026-08-27 15:15:55,652 [INFO] Schritt 1: Allgemeiner Text-Clean (Strip, Linebreaks, Platzhalter)...
2026-08-27 15:15:55,668 [INFO] Spalte 'adresa': 1
2026-08-27 15:15:55,677 [INFO] Spalte 'registarki_broj_n': 7461
2026-08-27 15:15:55,683 [INFO] Spalte 'datacija': 509
2026-08-27 15:15:55,686 [INFO] Spalte 'autor': 6214
2026-08-27 15:15:55,697 [INFO] Spalte 'opis': 1
2026-08-27 15:15:55,699 [INFO] Allgemeiner Text-Clean beendet. 14186 Änderungen.
2026-08-27 15:15:55,702 [INFO] Überprüfe Spalte 'klasifikacija' gegen das offizielle Webregister...
2026-08-27 15:15:55,704 [WARNING] Abweichungen in 'klasifikacija' gefunden:
klasifikacija
kopneno-podvodno arheološko nalazište    1
2026-08-27 15:15:55,784 [INFO] METADATEN DER URSPRUNGSDATEI
2026-08-27 15:15:55,785 [INFO] Format: GeoParquet (.parquet)
2026-08-27 15:15:55,785 [INFO] Dimensionen: 7517 Zeilen, 15 Spalten
2026-08-27 15:15:55,786 [INFO] Koordinatensystem (CRS): {"$schema": "https://proj.org/schemas/v0.7/projjson.schema.json", "type": "ProjectedCRS", "name": "HTRS96 / Croatia TM", "base_crs": {"name": "HTRS96", "datum": {"type": "GeodeticReferenceFrame", "name": "Croatian Terrestrial Reference System", "ellipsoid": {"name": "GRS 1980", "semi_major_axis": 6378137, "inverse_flattening": 298.257222101}}, "coordinate_system": {"subtype": "ellipsoidal", "axis": [{"name": "Geodetic latitude", "abbreviation": "Lat", "direction": "north", "unit": "degree"}, {"name": "Geodetic longitude", "abbreviation": "Lon", "direction": "east", "unit": "degree"}]}, "id": {"authority": "EPSG", "code": 4761}}, "conversion": {"name": "Croatia Transverse Mercator", "method": {"name": "Transverse Mercator", "id": {"authority": "EPSG", "code": 9807}}, "parameters": [{"name": "Latitude of natural origin", "value": 0, "unit": "degree", "id": {"authority": "EPSG", "code": 8801}}, {"name": "Longitude of natural origin", "value": 16.5, "unit": "degree", "id": {"authority": "EPSG", "code": 8802}}, {"name": "Scale factor at natural origin", "value": 0.9999, "unit": "unity", "id": {"authority": "EPSG", "code": 8805}}, {"name": "False easting", "value": 500000, "unit": "metre", "id": {"authority": "EPSG", "code": 8806}}, {"name": "False northing", "value": 0, "unit": "metre", "id": {"authority": "EPSG", "code": 8807}}]}, "coordinate_system": {"subtype": "Cartesian", "axis": [{"name": "Easting", "abbreviation": "E", "direction": "east", "unit": "metre"}, {"name": "Northing", "abbreviation": "N", "direction": "north", "unit": "metre"}]}, "scope": "Cadastre, engineering survey, topographic mapping (large scale).", "area": "Croatia - onshore.", "bbox": {"south_latitude": 42.34, "west_longitude": 13.43, "north_latitude": 46.54, "east_longitude": 19.43}, "id": {"authority": "EPSG", "code": 3765}}

2026-08-27 15:15:55,787 [INFO] STARTEN DER BEREINIGUNGSPIPELINE
2026-08-27 15:15:55,787 [INFO] Schritt 1: Allgemeiner Text-Clean (Strip, Linebreaks, Platzhalter)...
2026-08-27 15:15:55,802 [INFO] Spalte 'adresa': 1
2026-08-27 15:15:55,811 [INFO] Spalte 'registarki_broj_n': 7461
2026-08-27 15:15:55,818 [INFO] Spalte 'datacija': 509
2026-08-27 15:15:55,821 [INFO] Spalte 'autor': 6214
2026-08-27 15:15:55,840 [INFO] Spalte 'opis': 1
2026-08-27 15:15:55,842 [INFO] Allgemeiner Text-Clean beendet. 14186 Änderungen.
2026-08-27 15:15:55,843 [INFO] Schritt 2: Bereinige Spalte 'grad'...
2026-08-27 15:15:55,850 [INFO] Spalte 'grad': 7464 Werte erfolgreich standardisiert.
2026-08-27 15:15:55,851 [INFO] Schritt 3: Entferne Spalte 'adresa' vollständig...
2026-08-27 15:15:55,853 [INFO] Spalte 'adresa' wurde erfolgreich gelöscht.
2026-08-27 15:15:55,853 [INFO] Schritt: Passe Spalte 'vrsta' an das offizielle Webregister an...
2026-08-27 15:15:55,856 [INFO] Spalte 'vrsta': 7517 Datensätze auf Register-Namen aktualisiert.
2026-08-27 15:15:55,858 [INFO] Schritt: Wert in 'klasifikacija' angepasst. 'kopneno-podvodno arheološko nalazište' -> 'kopneno/podvodno arheološka zona/nalazište' (1 Feld(er) korrigiert).
2026-08-27 15:15:55,866 [INFO] BEREINIGUNG UND ANALYSE ABGESCHLOSSEN
2026-08-27 15:15:55,866 [INFO] Neue Dimensionen: 7517 Zeilen, 14 Spalten
2026-08-27 15:15:55,867 [INFO] Speichere bereinigte Daten unter: cleaned_2026-08-26_geoportalnipp_rkd.parquet
2026-08-27 15:15:55,971 [INFO] Speichern erfolgreich. Daten und Logfile in: C:\Users\sonja\Projekte\croatia-cultural-goods-analysis\data\interim

